---
source: src/picker.rs
expression: content
---
◆  Pick Connection                                                              │  Search: zzzznonexistent                                                      │  ↑↓/j k: Navigate | Enter: Select | Esc/Ctrl-C: Cancel                        │                                                                               │  No matches for "zzzznonexistent"                                             │                                                                               └
