---
source: src/picker.rs
expression: content
---
◆  Pick Connection                                                              │  Search: Type to search...                                                    │  ↑↓/j k: Navigate | Enter: Select | Esc/Ctrl-C: Cancel                        │                                                                               │  ❯ ● [staging] web (u@h.com:22)                                               │    ○ db (u@h2.com:22)                                                         │                                                                               └
