---
source: tests/integration_test.rs
expression: backend
---
"                                                                                "
"                                                                                "
"                                                                                "
"                                                                                "
"                                                                                "
"                                                                                "
"          ╭Edit Connection───────────────────────────────────────────╮          "
"          │Alias: prod-server█                                       │          "
"          │Host: 192.168.1.10                                        │          "
"          │User: admin                                               │          "
"          │Port: 22                                                  │          "
"          │Key:                                                      │          "
"          │Folder: production                                        │          "
"          │                                                          │          "
"          │                                                          │          "
"          │                                                          │          "
"          │Tab/Right/Down: Next field | Shift+Tab/Left/Up: Previous |│          "
"          ╰──────────────────────────────────────────────────────────╯          "
"                                                                                "
"                                                                                "
"                                                                                "
"                                                                                "
"                                                                                "
"                                                                                "
