---
source: tests/integration_test.rs
expression: backend
---
"┌ SSH Connection Manager ──────────────────────────────────────────────────────┐"
"│                                                                              │"
"└──────────────────────────────────────────────────────────────────────────────┘"
"┌ Search ──────────────────────────────────────────────────────────────────────┐"
"│prod                                                                          │"
"└──────────────────────────────────────────────────────────────────────────────┘"
"┌──────────────────────────────────────────────────────────────────────────────┐"
"│ > [production]  prod-server (admin@192.168.1.10:22)                          │"
"│                                                                              │"
"│                                                                              │"
"│                                                                              │"
"│                                                                              │"
"│                                                                              │"
"│                                                                              │"
"│                                                                              │"
"│                                                                              │"
"│                                                                              │"
"│                                                                              │"
"│                                                                              │"
"│                                                                              │"
"└──────────────────────────────────────────────────────────────────────────────┘"
"┌──────────────────────────────────────────────────────────────────────────────┐"
"│↑↓/j k: Navigate | Enter: Connect | A: Add | E: Edit | D: Delete | I: Import |│"
"└──────────────────────────────────────────────────────────────────────────────┘"
