---
source: tests/integration_test.rs
expression: backend
---
"                                                                                "
"                                                                                "
"                                                                                "
"                                                                                "
"                                                                                "
"                                                                                "
"          ╭Add Connection────────────────────────────────────────────╮          "
"          │Alias: test                                               │          "
"          │Host: example.com                                         │          "
"          │User: user                                                │          "
"          │Port: █                                                   │          "
"          │Key:                                                      │          "
"          │Folder:                                                   │          "
"          │                                                          │          "
"          │                                                          │          "
"          │                                                          │          "
"          │Tab/Right/Down: Next field | Shift+Tab/Left/Up: Previous |│          "
"          ╰──────────────────────────────────────────────────────────╯          "
"                                                                                "
"                                                                                "
"                                                                                "
"                                                                                "
"                                                                                "
"                                                                                "
